2026-09-17 21:00:14.740 Uvicorn server started on 0.0.0.0:8561
2026-09-17 21:00:17.092 Did not auto detect external IP.
Please go to https://docs.streamlit.io/ for debugging hints.
2026-09-17 21:00:39.721 Please replace `st.components.v1.iframe` with `st.iframe`.

`st.components.v1.iframe` will be removed after 2026-06-01.
2026-09-17 21:00:39.989 Please replace `use_container_width` with `width`.

`use_container_width` will be removed after 2025-12-31.

For `use_container_width=True`, use `width='stretch'`. For `use_container_width=False`, use `width='content'`.
2026-09-17 21:00:40.021 Please replace `use_container_width` with `width`.

`use_container_width` will be removed after 2025-12-31.

For `use_container_width=True`, use `width='stretch'`. For `use_container_width=False`, use `width='content'`.
2026-09-17 21:00:40.077 Please replace `use_container_width` with `width`.

`use_container_width` will be removed after 2025-12-31.

For `use_container_width=True`, use `width='stretch'`. For `use_container_width=False`, use `width='content'`.
2026-09-17 21:00:40.113 Please replace `use_container_width` with `width`.

`use_container_width` will be removed after 2025-12-31.

For `use_container_width=True`, use `width='stretch'`. For `use_container_width=False`, use `width='content'`.
2026-09-17 21:02:46.560 Please replace `st.components.v1.iframe` with `st.iframe`.

`st.components.v1.iframe` will be removed after 2026-06-01.
2026-09-17 21:02:46.570 Please replace `st.components.v1.iframe` with `st.iframe`.

`st.components.v1.iframe` will be removed after 2026-06-01.
2026-09-17 21:02:46.575 Please replace `st.components.v1.iframe` with `st.iframe`.

`st.components.v1.iframe` will be removed after 2026-06-01.
2026-09-17 21:02:53.919 Please replace `use_container_width` with `width`.

`use_container_width` will be removed after 2025-12-31.

For `use_container_width=True`, use `width='stretch'`. For `use_container_width=False`, use `width='content'`.
2026-09-17 21:02:53.940 Please replace `use_container_width` with `width`.

`use_container_width` will be removed after 2025-12-31.

For `use_container_width=True`, use `width='stretch'`. For `use_container_width=False`, use `width='content'`.
2026-09-17 21:03:01.832 Please replace `use_container_width` with `width`.

`use_container_width` will be removed after 2025-12-31.

For `use_container_width=True`, use `width='stretch'`. For `use_container_width=False`, use `width='content'`.
2026-09-17 21:03:01.834 Serialization of dataframe to Arrow table was unsuccessful. Applying automatic fixes for column types to make the dataframe Arrow-compatible.
Traceback (most recent call last):
  File "D:\software\Python312\Lib\site-packages\streamlit\dataframe_util.py", line 961, in convert_pandas_df_to_arrow_bytes
    table = pa.Table.from_pandas(df)
            ^^^^^^^^^^^^^^^^^^^^^^^^
  File "pyarrow/table.pxi", line 4768, in pyarrow.lib.Table.from_pandas
  File "D:\software\Python312\Lib\site-packages\pyarrow\pandas_compat.py", line 651, in dataframe_to_arrays
    arrays = [convert_column(c, f)
              ^^^^^^^^^^^^^^^^^^^^
  File "D:\software\Python312\Lib\site-packages\pyarrow\pandas_compat.py", line 639, in convert_column
    raise e
  File "D:\software\Python312\Lib\site-packages\pyarrow\pandas_compat.py", line 633, in convert_column
    result = pa.array(col, type=type_, from_pandas=True, safe=safe)
             ^^^^^^^^^^^^^^^^^^^^^^^^^^^^^^^^^^^^^^^^^^^^^^^^^^^^^^
  File "pyarrow/array.pxi", line 390, in pyarrow.lib.array
  File "pyarrow/array.pxi", line 91, in pyarrow.lib._ndarray_to_array
  File "pyarrow/error.pxi", line 92, in pyarrow.lib.check_status
pyarrow.lib.ArrowTypeError: ("Expected bytes, got a 'int' object", 'Conversion failed for column 大武汉景区旅游年卡 with type object')
2026-09-17 21:03:01.840 Please replace `st.components.v1.iframe` with `st.iframe`.

`st.components.v1.iframe` will be removed after 2026-06-01.
2026-09-17 21:03:01.841 Please replace `use_container_width` with `width`.

`use_container_width` will be removed after 2025-12-31.

For `use_container_width=True`, use `width='stretch'`. For `use_container_width=False`, use `width='content'`.
2026-09-17 21:03:01.901 Please replace `use_container_width` with `width`.

`use_container_width` will be removed after 2025-12-31.

For `use_container_width=True`, use `width='stretch'`. For `use_container_width=False`, use `width='content'`.
2026-09-17 21:03:01.910 Please replace `use_container_width` with `width`.

`use_container_width` will be removed after 2025-12-31.

For `use_container_width=True`, use `width='stretch'`. For `use_container_width=False`, use `width='content'`.
2026-09-17 21:03:01.911 Please replace `use_container_width` with `width`.

`use_container_width` will be removed after 2025-12-31.

For `use_container_width=True`, use `width='stretch'`. For `use_container_width=False`, use `width='content'`.
2026-09-17 21:03:01.912 Serialization of dataframe to Arrow table was unsuccessful. Applying automatic fixes for column types to make the dataframe Arrow-compatible.
Traceback (most recent call last):
  File "D:\software\Python312\Lib\site-packages\streamlit\dataframe_util.py", line 961, in convert_pandas_df_to_arrow_bytes
    table = pa.Table.from_pandas(df)
            ^^^^^^^^^^^^^^^^^^^^^^^^
  File "pyarrow/table.pxi", line 4768, in pyarrow.lib.Table.from_pandas
  File "D:\software\Python312\Lib\site-packages\pyarrow\pandas_compat.py", line 651, in dataframe_to_arrays
    arrays = [convert_column(c, f)
              ^^^^^^^^^^^^^^^^^^^^
  File "D:\software\Python312\Lib\site-packages\pyarrow\pandas_compat.py", line 639, in convert_column
    raise e
  File "D:\software\Python312\Lib\site-packages\pyarrow\pandas_compat.py", line 633, in convert_column
    result = pa.array(col, type=type_, from_pandas=True, safe=safe)
             ^^^^^^^^^^^^^^^^^^^^^^^^^^^^^^^^^^^^^^^^^^^^^^^^^^^^^^
  File "pyarrow/array.pxi", line 390, in pyarrow.lib.array
  File "pyarrow/array.pxi", line 91, in pyarrow.lib._ndarray_to_array
  File "pyarrow/error.pxi", line 92, in pyarrow.lib.check_status
pyarrow.lib.ArrowTypeError: ("Expected bytes, got a 'int' object", 'Conversion failed for column 大武汉景区旅游年卡 with type object')
2026-09-17 21:03:01.915 Please replace `use_container_width` with `width`.

`use_container_width` will be removed after 2025-12-31.

For `use_container_width=True`, use `width='stretch'`. For `use_container_width=False`, use `width='content'`.
2026-09-17 21:03:01.965 Please replace `use_container_width` with `width`.

`use_container_width` will be removed after 2025-12-31.

For `use_container_width=True`, use `width='stretch'`. For `use_container_width=False`, use `width='content'`.
2026-09-17 21:03:01.984 Please replace `use_container_width` with `width`.

`use_container_width` will be removed after 2025-12-31.

For `use_container_width=True`, use `width='stretch'`. For `use_container_width=False`, use `width='content'`.
2026-09-17 21:03:01.987 Please replace `use_container_width` with `width`.

`use_container_width` will be removed after 2025-12-31.

For `use_container_width=True`, use `width='stretch'`. For `use_container_width=False`, use `width='content'`.
2026-09-17 21:03:01.990 Please replace `use_container_width` with `width`.

`use_container_width` will be removed after 2025-12-31.

For `use_container_width=True`, use `width='stretch'`. For `use_container_width=False`, use `width='content'`.
2026-09-17 21:03:09.916 Please replace `use_container_width` with `width`.

`use_container_width` will be removed after 2025-12-31.

For `use_container_width=True`, use `width='stretch'`. For `use_container_width=False`, use `width='content'`.
2026-09-17 21:03:09.936 Please replace `use_container_width` with `width`.

`use_container_width` will be removed after 2025-12-31.

For `use_container_width=True`, use `width='stretch'`. For `use_container_width=False`, use `width='content'`.
2026-09-17 21:03:09.950 Please replace `use_container_width` with `width`.

`use_container_width` will be removed after 2025-12-31.

For `use_container_width=True`, use `width='stretch'`. For `use_container_width=False`, use `width='content'`.
2026-09-17 21:03:11.014 Please replace `use_container_width` with `width`.

`use_container_width` will be removed after 2025-12-31.

For `use_container_width=True`, use `width='stretch'`. For `use_container_width=False`, use `width='content'`.
2026-09-17 21:03:11.022 Please replace `use_container_width` with `width`.

`use_container_width` will be removed after 2025-12-31.

For `use_container_width=True`, use `width='stretch'`. For `use_container_width=False`, use `width='content'`.
2026-09-17 21:03:11.037 Please replace `use_container_width` with `width`.

`use_container_width` will be removed after 2025-12-31.

For `use_container_width=True`, use `width='stretch'`. For `use_container_width=False`, use `width='content'`.
2026-09-17 21:03:33.772 Please replace `st.components.v1.iframe` with `st.iframe`.

`st.components.v1.iframe` will be removed after 2026-06-01.
2026-09-17 21:03:33.792 Please replace `use_container_width` with `width`.

`use_container_width` will be removed after 2025-12-31.

For `use_container_width=True`, use `width='stretch'`. For `use_container_width=False`, use `width='content'`.
2026-09-17 21:03:33.805 Please replace `use_container_width` with `width`.

`use_container_width` will be removed after 2025-12-31.

For `use_container_width=True`, use `width='stretch'`. For `use_container_width=False`, use `width='content'`.
2026-09-17 21:03:33.819 Please replace `use_container_width` with `width`.

`use_container_width` will be removed after 2025-12-31.

For `use_container_width=True`, use `width='stretch'`. For `use_container_width=False`, use `width='content'`.
2026-09-17 21:03:33.835 Please replace `use_container_width` with `width`.

`use_container_width` will be removed after 2025-12-31.

For `use_container_width=True`, use `width='stretch'`. For `use_container_width=False`, use `width='content'`.
2026-09-17 21:03:40.874 Please replace `use_container_width` with `width`.

`use_container_width` will be removed after 2025-12-31.

For `use_container_width=True`, use `width='stretch'`. For `use_container_width=False`, use `width='content'`.
2026-09-17 21:03:40.879 Please replace `use_container_width` with `width`.

`use_container_width` will be removed after 2025-12-31.

For `use_container_width=True`, use `width='stretch'`. For `use_container_width=False`, use `width='content'`.
2026-09-17 21:03:40.894 Please replace `use_container_width` with `width`.

`use_container_width` will be removed after 2025-12-31.

For `use_container_width=True`, use `width='stretch'`. For `use_container_width=False`, use `width='content'`.
2026-09-17 21:03:40.907 Please replace `use_container_width` with `width`.

`use_container_width` will be removed after 2025-12-31.

For `use_container_width=True`, use `width='stretch'`. For `use_container_width=False`, use `width='content'`.
2026-09-17 21:03:40.922 Please replace `use_container_width` with `width`.

`use_container_width` will be removed after 2025-12-31.

For `use_container_width=True`, use `width='stretch'`. For `use_container_width=False`, use `width='content'`.
2026-09-17 21:03:40.958 Please replace `use_container_width` with `width`.

`use_container_width` will be removed after 2025-12-31.

For `use_container_width=True`, use `width='stretch'`. For `use_container_width=False`, use `width='content'`.
2026-09-17 21:03:40.983 Please replace `use_container_width` with `width`.

`use_container_width` will be removed after 2025-12-31.

For `use_container_width=True`, use `width='stretch'`. For `use_container_width=False`, use `width='content'`.
2026-09-17 21:03:41.004 Please replace `use_container_width` with `width`.

`use_container_width` will be removed after 2025-12-31.

For `use_container_width=True`, use `width='stretch'`. For `use_container_width=False`, use `width='content'`.
2026-09-17 21:03:41.007 Please replace `use_container_width` with `width`.

`use_container_width` will be removed after 2025-12-31.

For `use_container_width=True`, use `width='stretch'`. For `use_container_width=False`, use `width='content'`.
2026-09-17 21:03:41.011 Please replace `use_container_width` with `width`.

`use_container_width` will be removed after 2025-12-31.

For `use_container_width=True`, use `width='stretch'`. For `use_container_width=False`, use `width='content'`.
2026-09-17 21:03:41.029 Please replace `use_container_width` with `width`.

`use_container_width` will be removed after 2025-12-31.

For `use_container_width=True`, use `width='stretch'`. For `use_container_width=False`, use `width='content'`.
2026-09-17 21:03:41.043 Please replace `use_container_width` with `width`.

`use_container_width` will be removed after 2025-12-31.

For `use_container_width=True`, use `width='stretch'`. For `use_container_width=False`, use `width='content'`.
2026-09-17 21:04:01.657 Please replace `st.components.v1.iframe` with `st.iframe`.

`st.components.v1.iframe` will be removed after 2026-06-01.
2026-09-17 21:04:01.669 Please replace `st.components.v1.iframe` with `st.iframe`.

`st.components.v1.iframe` will be removed after 2026-06-01.
2026-09-17 21:04:01.674 Please replace `st.components.v1.iframe` with `st.iframe`.

`st.components.v1.iframe` will be removed after 2026-06-01.
2026-09-17 21:04:26.945 Please replace `st.components.v1.iframe` with `st.iframe`.

`st.components.v1.iframe` will be removed after 2026-06-01.
2026-09-17 21:04:27.106 Uncaught app execution
Traceback (most recent call last):
  File "D:\software\Python312\Lib\site-packages\streamlit\runtime\scriptrunner\exec_code.py", line 129, in exec_func_with_error_handling
    result = func()
             ^^^^^^
  File "D:\software\Python312\Lib\site-packages\streamlit\runtime\scriptrunner\script_runner.py", line 787, in code_to_exec
    _mpa_v1(self._main_script_path)
  File "D:\software\Python312\Lib\site-packages\streamlit\runtime\scriptrunner\script_runner.py", line 171, in _mpa_v1
    page.run()
  File "D:\software\Python312\Lib\site-packages\streamlit\navigation\page.py", line 490, in run
    exec(code, module.__dict__)  # noqa: S102
    ^^^^^^^^^^^^^^^^^^^^^^^^^^^
  File "D:\project_room\workspace2024\mytest\hb_annual_tourism_pass2\app\main.py", line 965, in <module>
    render_my_trips_page(dict(globals()))
  File "D:\project_room\workspace2024\mytest\hb_annual_tourism_pass2\app\pages\my_trips_page.py", line 255, in render_my_trips_page
    _open_in_editor(full)
  File "D:\project_room\workspace2024\mytest\hb_annual_tourism_pass2\app\pages\my_trips_page.py", line 298, in _open_in_editor
    ss.nav_page = "🗓️ 规划中心"
    ^^^^^^^^^^^
  File "D:\software\Python312\Lib\site-packages\streamlit\runtime\metrics_util.py", line 698, in wrapped_func
    result = non_optional_func(*args, **kwargs)
             ^^^^^^^^^^^^^^^^^^^^^^^^^^^^^^^^^^
  File "D:\software\Python312\Lib\site-packages\streamlit\runtime\state\session_state_proxy.py", line 136, in __setattr__
    self[key] = value
    ~~~~^^^^^
  File "D:\software\Python312\Lib\site-packages\streamlit\runtime\metrics_util.py", line 698, in wrapped_func
    result = non_optional_func(*args, **kwargs)
             ^^^^^^^^^^^^^^^^^^^^^^^^^^^^^^^^^^
  File "D:\software\Python312\Lib\site-packages\streamlit\runtime\state\session_state_proxy.py", line 114, in __setitem__
    get_session_state()[key] = value
    ~~~~~~~~~~~~~~~~~~~^^^^^
  File "D:\software\Python312\Lib\site-packages\streamlit\runtime\state\safe_session_state.py", line 109, in __setitem__
    self._state[key] = value
    ~~~~~~~~~~~^^^^^
  File "D:\software\Python312\Lib\site-packages\streamlit\runtime\state\session_state.py", line 608, in __setitem__
    raise StreamlitAPIException(
streamlit.errors.StreamlitAPIException: `st.session_state.nav_page` cannot be modified after the widget with key `nav_page` is instantiated.
2026-09-17 21:06:01.853 Please replace `st.components.v1.iframe` with `st.iframe`.

`st.components.v1.iframe` will be removed after 2026-06-01.
2026-09-17 21:06:02.056 Please replace `st.components.v1.iframe` with `st.iframe`.

`st.components.v1.iframe` will be removed after 2026-06-01.
2026-09-17 21:06:02.065 Please replace `st.components.v1.iframe` with `st.iframe`.

`st.components.v1.iframe` will be removed after 2026-06-01.
2026-09-17 21:06:02.070 Please replace `st.components.v1.iframe` with `st.iframe`.

`st.components.v1.iframe` will be removed after 2026-06-01.
2026-09-17 21:06:44.069 Please replace `st.components.v1.iframe` with `st.iframe`.

`st.components.v1.iframe` will be removed after 2026-06-01.
2026-09-17 21:06:44.230 Please replace `st.components.v1.iframe` with `st.iframe`.

`st.components.v1.iframe` will be removed after 2026-06-01.
2026-09-17 21:06:44.241 Please replace `st.components.v1.iframe` with `st.iframe`.

`st.components.v1.iframe` will be removed after 2026-06-01.
2026-09-17 21:06:44.246 Please replace `st.components.v1.iframe` with `st.iframe`.

`st.components.v1.iframe` will be removed after 2026-06-01.
2026-09-17 21:07:13.842 Please replace `st.components.v1.iframe` with `st.iframe`.

`st.components.v1.iframe` will be removed after 2026-06-01.
2026-09-17 21:07:14.027 Please replace `st.components.v1.iframe` with `st.iframe`.

`st.components.v1.iframe` will be removed after 2026-06-01.
2026-09-17 21:07:14.041 Please replace `st.components.v1.iframe` with `st.iframe`.

`st.components.v1.iframe` will be removed after 2026-06-01.
2026-09-17 21:07:14.045 Please replace `st.components.v1.iframe` with `st.iframe`.

`st.components.v1.iframe` will be removed after 2026-06-01.
2026-09-17 21:10:53.150 Please replace `st.components.v1.iframe` with `st.iframe`.

`st.components.v1.iframe` will be removed after 2026-06-01.
2026-09-17 21:10:53.163 Please replace `st.components.v1.iframe` with `st.iframe`.

`st.components.v1.iframe` will be removed after 2026-06-01.
2026-09-17 21:10:53.344 Please replace `st.components.v1.iframe` with `st.iframe`.

`st.components.v1.iframe` will be removed after 2026-06-01.
2026-09-17 21:10:53.355 Please replace `st.components.v1.iframe` with `st.iframe`.

`st.components.v1.iframe` will be removed after 2026-06-01.
2026-09-17 21:10:53.361 Please replace `st.components.v1.iframe` with `st.iframe`.

`st.components.v1.iframe` will be removed after 2026-06-01.
2026-09-17 21:11:45.842 Please replace `st.components.v1.iframe` with `st.iframe`.

`st.components.v1.iframe` will be removed after 2026-06-01.
